  skipped dog/hole at one: only 2 % of the silhouette changes
  skipped dog/hole at fiveIso: only 4 % of the silhouette changes

condition                  picked the good one    n
one: all damage                            84%   38
  debris                                   90%   10
  hole                                     50%    8
  float                                   100%   10
  squash                                   90%   10
  good shown as A                          68%   19
  good shown as B                         100%   19
fiveIso: all damage                        92%   38
  debris                                  100%   10
  hole                                     75%    8
  float                                   100%   10
  squash                                   90%   10
  good shown as A                          84%   19
  good shown as B                         100%   19

position bias — identical models, no right answer:
  one       said A 5 of 5
  fiveIso   said A 5 of 5

order sensitivity — pairs whose answer survived the swap:
  one       13 of 19 (68%)
  fiveIso   16 of 19 (84%)

every call:
  one     a dog           debris     good=A said=A ok
  one     a dog           debris     good=B said=B ok
  one     a dog           float      good=A said=A ok
  one     a dog           float      good=B said=B ok
  one     a dog           squash     good=A said=A ok
  one     a dog           squash     good=B said=B ok
  one     a dog           identical  good=A said=A 
  one     a chicken       debris     good=A said=A ok
  one     a chicken       debris     good=B said=B ok
  one     a chicken       hole       good=A said=B MISS
  one     a chicken       hole       good=B said=B ok
  one     a chicken       float      good=A said=A ok
  one     a chicken       float      good=B said=B ok
  one     a chicken       squash     good=A said=A ok
  one     a chicken       squash     good=B said=B ok
  one     a chicken       identical  good=A said=A 
  one     a farmer        debris     good=A said=A ok
  one     a farmer        debris     good=B said=B ok
  one     a farmer        hole       good=A said=B MISS
  one     a farmer        hole       good=B said=B ok
  one     a farmer        float      good=A said=A ok
  one     a farmer        float      good=B said=B ok
  one     a farmer        squash     good=A said=B MISS
  one     a farmer        squash     good=B said=B ok
  one     a farmer        identical  good=A said=A 
  one     a red mushroom  debris     good=A said=A ok
  one     a red mushroom  debris     good=B said=B ok
  one     a red mushroom  hole       good=A said=B MISS
  one     a red mushroom  hole       good=B said=B ok
  one     a red mushroom  float      good=A said=A ok
  one     a red mushroom  float      good=B said=B ok
  one     a red mushroom  squash     good=A said=A ok
  one     a red mushroom  squash     good=B said=B ok
  one     a red mushroom  identical  good=A said=A 
  one     a stone tower   debris     good=A said=B MISS
  one     a stone tower   debris     good=B said=B ok
  one     a stone tower   hole       good=A said=B MISS
  one     a stone tower   hole       good=B said=B ok
  one     a stone tower   float      good=A said=A ok
  one     a stone tower   float      good=B said=B ok
  one     a stone tower   squash     good=A said=A ok
  one     a stone tower   squash     good=B said=B ok
  one     a stone tower   identical  good=A said=A 
  fiveIso a dog           debris     good=A said=A ok
  fiveIso a dog           debris     good=B said=B ok
  fiveIso a dog           float      good=A said=A ok
  fiveIso a dog           float      good=B said=B ok
  fiveIso a dog           squash     good=A said=A ok
  fiveIso a dog           squash     good=B said=B ok
  fiveIso a dog           identical  good=A said=A 
  fiveIso a chicken       debris     good=A said=A ok
  fiveIso a chicken       debris     good=B said=B ok
  fiveIso a chicken       hole       good=A said=A ok
  fiveIso a chicken       hole       good=B said=B ok
  fiveIso a chicken       float      good=A said=A ok
  fiveIso a chicken       float      good=B said=B ok
  fiveIso a chicken       squash     good=A said=A ok
  fiveIso a chicken       squash     good=B said=B ok
  fiveIso a chicken       identical  good=A said=A 
  fiveIso a farmer        debris     good=A said=A ok
  fiveIso a farmer        debris     good=B said=B ok
  fiveIso a farmer        hole       good=A said=B MISS
  fiveIso a farmer        hole       good=B said=B ok
  fiveIso a farmer        float      good=A said=A ok
  fiveIso a farmer        float      good=B said=B ok
  fiveIso a farmer        squash     good=A said=A ok
  fiveIso a farmer        squash     good=B said=B ok
  fiveIso a farmer        identical  good=A said=A 
  fiveIso a red mushroom  debris     good=A said=A ok
  fiveIso a red mushroom  debris     good=B said=B ok
  fiveIso a red mushroom  hole       good=A said=B MISS
  fiveIso a red mushroom  hole       good=B said=B ok
  fiveIso a red mushroom  float      good=A said=A ok
  fiveIso a red mushroom  float      good=B said=B ok
  fiveIso a red mushroom  squash     good=A said=B MISS
  fiveIso a red mushroom  squash     good=B said=B ok
  fiveIso a red mushroom  identical  good=A said=A 
  fiveIso a stone tower   debris     good=A said=A ok
  fiveIso a stone tower   debris     good=B said=B ok
  fiveIso a stone tower   hole       good=A said=A ok
  fiveIso a stone tower   hole       good=B said=B ok
  fiveIso a stone tower   float      good=A said=A ok
  fiveIso a stone tower   float      good=B said=B ok
  fiveIso a stone tower   squash     good=A said=A ok
  fiveIso a stone tower   squash     good=B said=B ok
  fiveIso a stone tower   identical  good=A said=A 
